
> react-typescript-starter@0.1.0 test
> react-scripts test "--coverage"

PASS src/HtmlCss.test.tsx
PASS src/text.test.tsx
PASS src/App.test.tsx
----------|---------|----------|---------|---------|-------------------
File      | % Stmts | % Branch | % Funcs | % Lines | Uncovered Line #s 
----------|---------|----------|---------|---------|-------------------
All files |     100 |      100 |     100 |     100 |                   
 App.tsx  |     100 |      100 |     100 |     100 |                   
----------|---------|----------|---------|---------|-------------------

Test Suites: 3 passed, 3 total
Tests:       9 passed, 9 total
Snapshots:   0 total
Time:        2.602 s
Ran all test suites.
